Analysis & Synthesis report for pwm
Mon Mar  3 14:00:27 2025
Quartus Prime Version 23.1std.1 Build 993 05/14/2024 SC Lite Edition


---------------------
; Table of Contents ;
---------------------
  1. Legal Notice
  2. Analysis & Synthesis Summary
  3. Analysis & Synthesis Settings
  4. Parallel Compilation
  5. Analysis & Synthesis Source Files Read
  6. Analysis & Synthesis Resource Usage Summary
  7. Analysis & Synthesis Resource Utilization by Entity
  8. Registers Removed During Synthesis
  9. Removed Registers Triggering Further Register Optimizations
 10. General Register Statistics
 11. Inverted Register Statistics
 12. Parameter Settings for User Entity Instance: divf:dvfff
 13. Parameter Settings for User Entity Instance: divf:dvfl
 14. Post-Synthesis Netlist Statistics for Top Partition
 15. Elapsed Time Per Partition
 16. Analysis & Synthesis Messages



----------------
; Legal Notice ;
----------------
Copyright (C) 2024  Intel Corporation. All rights reserved.
Your use of Intel Corporation's design tools, logic functions 
and other software and tools, and any partner logic 
functions, and any output files from any of the foregoing 
(including device programming or simulation files), and any 
associated documentation or information are expressly subject 
to the terms and conditions of the Intel Program License 
Subscription Agreement, the Intel Quartus Prime License Agreement,
the Intel FPGA IP License Agreement, or other applicable license
agreement, including, without limitation, that your use is for
the sole purpose of programming logic devices manufactured by
Intel and sold by Intel or its authorized distributors.  Please
refer to the applicable agreement for further details, at
https://fpgasoftware.intel.com/eula.



+-------------------------------------------------------------------------------------+
; Analysis & Synthesis Summary                                                        ;
+------------------------------------+------------------------------------------------+
; Analysis & Synthesis Status        ; Successful - Mon Mar  3 14:00:27 2025          ;
; Quartus Prime Version              ; 23.1std.1 Build 993 05/14/2024 SC Lite Edition ;
; Revision Name                      ; pwm                                            ;
; Top-level Entity Name              ; pwm                                            ;
; Family                             ; MAX 10                                         ;
; Total logic elements               ; 305                                            ;
;     Total combinational functions  ; 216                                            ;
;     Dedicated logic registers      ; 153                                            ;
; Total registers                    ; 153                                            ;
; Total pins                         ; 11                                             ;
; Total virtual pins                 ; 0                                              ;
; Total memory bits                  ; 0                                              ;
; Embedded Multiplier 9-bit elements ; 0                                              ;
; Total PLLs                         ; 0                                              ;
; UFM blocks                         ; 0                                              ;
; ADC blocks                         ; 0                                              ;
+------------------------------------+------------------------------------------------+


+------------------------------------------------------------------------------------------------------------+
; Analysis & Synthesis Settings                                                                              ;
+------------------------------------------------------------------+--------------------+--------------------+
; Option                                                           ; Setting            ; Default Value      ;
+------------------------------------------------------------------+--------------------+--------------------+
; Device                                                           ; 10M50DAF484C7G     ;                    ;
; Top-level entity name                                            ; pwm                ; pwm                ;
; Family name                                                      ; MAX 10             ; Cyclone V          ;
; Use smart compilation                                            ; Off                ; Off                ;
; Enable parallel Assembler and Timing Analyzer during compilation ; On                 ; On                 ;
; Enable compact report table                                      ; Off                ; Off                ;
; Restructure Multiplexers                                         ; Auto               ; Auto               ;
; Create Debugging Nodes for IP Cores                              ; Off                ; Off                ;
; Preserve fewer node names                                        ; On                 ; On                 ;
; Intel FPGA IP Evaluation Mode                                    ; Enable             ; Enable             ;
; Verilog Version                                                  ; Verilog_2001       ; Verilog_2001       ;
; VHDL Version                                                     ; VHDL_1993          ; VHDL_1993          ;
; State Machine Processing                                         ; Auto               ; Auto               ;
; Safe State Machine                                               ; Off                ; Off                ;
; Extract Verilog State Machines                                   ; On                 ; On                 ;
; Extract VHDL State Machines                                      ; On                 ; On                 ;
; Ignore Verilog initial constructs                                ; Off                ; Off                ;
; Iteration limit for constant Verilog loops                       ; 5000               ; 5000               ;
; Iteration limit for non-constant Verilog loops                   ; 250                ; 250                ;
; Add Pass-Through Logic to Inferred RAMs                          ; On                 ; On                 ;
; Infer RAMs from Raw Logic                                        ; On                 ; On                 ;
; Parallel Synthesis                                               ; On                 ; On                 ;
; DSP Block Balancing                                              ; Auto               ; Auto               ;
; NOT Gate Push-Back                                               ; On                 ; On                 ;
; Power-Up Don't Care                                              ; On                 ; On                 ;
; Remove Redundant Logic Cells                                     ; Off                ; Off                ;
; Remove Duplicate Registers                                       ; On                 ; On                 ;
; Ignore CARRY Buffers                                             ; Off                ; Off                ;
; Ignore CASCADE Buffers                                           ; Off                ; Off                ;
; Ignore GLOBAL Buffers                                            ; Off                ; Off                ;
; Ignore ROW GLOBAL Buffers                                        ; Off                ; Off                ;
; Ignore LCELL Buffers                                             ; Off                ; Off                ;
; Ignore SOFT Buffers                                              ; On                 ; On                 ;
; Limit AHDL Integers to 32 Bits                                   ; Off                ; Off                ;
; Optimization Technique                                           ; Balanced           ; Balanced           ;
; Carry Chain Length                                               ; 70                 ; 70                 ;
; Auto Carry Chains                                                ; On                 ; On                 ;
; Auto Open-Drain Pins                                             ; On                 ; On                 ;
; Perform WYSIWYG Primitive Resynthesis                            ; Off                ; Off                ;
; Auto ROM Replacement                                             ; On                 ; On                 ;
; Auto RAM Replacement                                             ; On                 ; On                 ;
; Auto DSP Block Replacement                                       ; On                 ; On                 ;
; Auto Shift Register Replacement                                  ; Auto               ; Auto               ;
; Allow Shift Register Merging across Hierarchies                  ; Auto               ; Auto               ;
; Auto Clock Enable Replacement                                    ; On                 ; On                 ;
; Strict RAM Replacement                                           ; Off                ; Off                ;
; Allow Synchronous Control Signals                                ; On                 ; On                 ;
; Force Use of Synchronous Clear Signals                           ; Off                ; Off                ;
; Auto RAM Block Balancing                                         ; On                 ; On                 ;
; Auto RAM to Logic Cell Conversion                                ; Off                ; Off                ;
; Auto Resource Sharing                                            ; Off                ; Off                ;
; Allow Any RAM Size For Recognition                               ; Off                ; Off                ;
; Allow Any ROM Size For Recognition                               ; Off                ; Off                ;
; Allow Any Shift Register Size For Recognition                    ; Off                ; Off                ;
; Use LogicLock Constraints during Resource Balancing              ; On                 ; On                 ;
; Ignore translate_off and synthesis_off directives                ; Off                ; Off                ;
; Timing-Driven Synthesis                                          ; On                 ; On                 ;
; Report Parameter Settings                                        ; On                 ; On                 ;
; Report Source Assignments                                        ; On                 ; On                 ;
; Report Connectivity Checks                                       ; On                 ; On                 ;
; Ignore Maximum Fan-Out Assignments                               ; Off                ; Off                ;
; Synchronization Register Chain Length                            ; 2                  ; 2                  ;
; Power Optimization During Synthesis                              ; Normal compilation ; Normal compilation ;
; HDL message level                                                ; Level2             ; Level2             ;
; Suppress Register Optimization Related Messages                  ; Off                ; Off                ;
; Number of Removed Registers Reported in Synthesis Report         ; 5000               ; 5000               ;
; Number of Swept Nodes Reported in Synthesis Report               ; 5000               ; 5000               ;
; Number of Inverted Registers Reported in Synthesis Report        ; 100                ; 100                ;
; Clock MUX Protection                                             ; On                 ; On                 ;
; Auto Gated Clock Conversion                                      ; Off                ; Off                ;
; Block Design Naming                                              ; Auto               ; Auto               ;
; SDC constraint protection                                        ; Off                ; Off                ;
; Synthesis Effort                                                 ; Auto               ; Auto               ;
; Shift Register Replacement - Allow Asynchronous Clear Signal     ; On                 ; On                 ;
; Pre-Mapping Resynthesis Optimization                             ; Off                ; Off                ;
; Analysis & Synthesis Message Level                               ; Medium             ; Medium             ;
; Disable Register Merging Across Hierarchies                      ; Auto               ; Auto               ;
; Resource Aware Inference For Block RAM                           ; On                 ; On                 ;
+------------------------------------------------------------------+--------------------+--------------------+


+------------------------------------------+
; Parallel Compilation                     ;
+----------------------------+-------------+
; Processors                 ; Number      ;
+----------------------------+-------------+
; Number detected on machine ; 4           ;
; Maximum allowed            ; 2           ;
;                            ;             ;
; Average used               ; 1.00        ;
; Maximum used               ; 2           ;
;                            ;             ;
; Usage by Processor         ; % Time Used ;
;     Processor 1            ; 100.0%      ;
;     Processor 2            ;   0.0%      ;
+----------------------------+-------------+


+-------------------------------------------------------------------------------------------------------------------------------------------+
; Analysis & Synthesis Source Files Read                                                                                                    ;
+----------------------------------+-----------------+-----------------+----------------------------------------------------------+---------+
; File Name with User-Entered Path ; Used in Netlist ; File Type       ; File Name with Absolute Path                             ; Library ;
+----------------------------------+-----------------+-----------------+----------------------------------------------------------+---------+
; ffd.vhdl                         ; yes             ; User VHDL File  ; C:/Users/Hp/Desktop/VLSI/Practica4/Ejercicio4/ffd.vhdl   ;         ;
; data.vhdl                        ; yes             ; User VHDL File  ; C:/Users/Hp/Desktop/VLSI/Practica4/Ejercicio4/data.vhdl  ;         ;
; senal.vhdl                       ; yes             ; User VHDL File  ; C:/Users/Hp/Desktop/VLSI/Practica4/Ejercicio4/senal.vhdl ;         ;
; pwm.vhdl                         ; yes             ; User VHDL File  ; C:/Users/Hp/Desktop/VLSI/Practica4/Ejercicio4/pwm.vhdl   ;         ;
; divf.vhdl                        ; yes             ; User VHDL File  ; C:/Users/Hp/Desktop/VLSI/Practica4/Ejercicio4/divf.vhdl  ;         ;
+----------------------------------+-----------------+-----------------+----------------------------------------------------------+---------+


+---------------------------------------------------------------+
; Analysis & Synthesis Resource Usage Summary                   ;
+---------------------------------------------+-----------------+
; Resource                                    ; Usage           ;
+---------------------------------------------+-----------------+
; Estimated Total logic elements              ; 305             ;
;                                             ;                 ;
; Total combinational functions               ; 216             ;
; Logic element usage by number of LUT inputs ;                 ;
;     -- 4 input functions                    ; 30              ;
;     -- 3 input functions                    ; 96              ;
;     -- <=2 input functions                  ; 90              ;
;                                             ;                 ;
; Logic elements by mode                      ;                 ;
;     -- normal mode                          ; 104             ;
;     -- arithmetic mode                      ; 112             ;
;                                             ;                 ;
; Total registers                             ; 153             ;
;     -- Dedicated logic registers            ; 153             ;
;     -- I/O registers                        ; 0               ;
;                                             ;                 ;
; I/O pins                                    ; 11              ;
;                                             ;                 ;
; Embedded Multiplier 9-bit elements          ; 0               ;
;                                             ;                 ;
; Maximum fan-out node                        ; divf:dvfff|clkl ;
; Maximum fan-out                             ; 100             ;
; Total fan-out                               ; 909             ;
; Average fan-out                             ; 2.32            ;
+---------------------------------------------+-----------------+


+------------------------------------------------------------------------------------------------------------------------------------------------------------------------------------------------------------------------------------+
; Analysis & Synthesis Resource Utilization by Entity                                                                                                                                                                                ;
+----------------------------+---------------------+---------------------------+-------------+------------+--------------+---------+-----------+------+--------------+------------+---------------------+-------------+--------------+
; Compilation Hierarchy Node ; Combinational ALUTs ; Dedicated Logic Registers ; Memory Bits ; UFM Blocks ; DSP Elements ; DSP 9x9 ; DSP 18x18 ; Pins ; Virtual Pins ; ADC blocks ; Full Hierarchy Name ; Entity Name ; Library Name ;
+----------------------------+---------------------+---------------------------+-------------+------------+--------------+---------+-----------+------+--------------+------------+---------------------+-------------+--------------+
; |pwm                       ; 216 (0)             ; 153 (0)                   ; 0           ; 0          ; 0            ; 0       ; 0         ; 11   ; 0            ; 0          ; |pwm                ; pwm         ; work         ;
;    |data:ld0|              ; 32 (32)             ; 11 (11)                   ; 0           ; 0          ; 0            ; 0       ; 0         ; 0    ; 0            ; 0          ; |pwm|data:ld0       ; data        ; work         ;
;    |divf:dvfff|            ; 47 (47)             ; 26 (26)                   ; 0           ; 0          ; 0            ; 0       ; 0         ; 0    ; 0            ; 0          ; |pwm|divf:dvfff     ; divf        ; work         ;
;    |divf:dvfl|             ; 18 (18)             ; 9 (9)                     ; 0           ; 0          ; 0            ; 0       ; 0         ; 0    ; 0            ; 0          ; |pwm|divf:dvfl      ; divf        ; work         ;
;    |ffd:ld1|               ; 0 (0)               ; 11 (11)                   ; 0           ; 0          ; 0            ; 0       ; 0         ; 0    ; 0            ; 0          ; |pwm|ffd:ld1        ; ffd         ; work         ;
;    |ffd:ld2|               ; 0 (0)               ; 11 (11)                   ; 0           ; 0          ; 0            ; 0       ; 0         ; 0    ; 0            ; 0          ; |pwm|ffd:ld2        ; ffd         ; work         ;
;    |ffd:ld3|               ; 0 (0)               ; 11 (11)                   ; 0           ; 0          ; 0            ; 0       ; 0         ; 0    ; 0            ; 0          ; |pwm|ffd:ld3        ; ffd         ; work         ;
;    |ffd:ld4|               ; 0 (0)               ; 11 (11)                   ; 0           ; 0          ; 0            ; 0       ; 0         ; 0    ; 0            ; 0          ; |pwm|ffd:ld4        ; ffd         ; work         ;
;    |ffd:ld5|               ; 0 (0)               ; 11 (11)                   ; 0           ; 0          ; 0            ; 0       ; 0         ; 0    ; 0            ; 0          ; |pwm|ffd:ld5        ; ffd         ; work         ;
;    |ffd:ld6|               ; 0 (0)               ; 11 (11)                   ; 0           ; 0          ; 0            ; 0       ; 0         ; 0    ; 0            ; 0          ; |pwm|ffd:ld6        ; ffd         ; work         ;
;    |ffd:ld7|               ; 0 (0)               ; 11 (11)                   ; 0           ; 0          ; 0            ; 0       ; 0         ; 0    ; 0            ; 0          ; |pwm|ffd:ld7        ; ffd         ; work         ;
;    |ffd:ld8|               ; 0 (0)               ; 11 (11)                   ; 0           ; 0          ; 0            ; 0       ; 0         ; 0    ; 0            ; 0          ; |pwm|ffd:ld8        ; ffd         ; work         ;
;    |senal:l0|              ; 31 (31)             ; 11 (11)                   ; 0           ; 0          ; 0            ; 0       ; 0         ; 0    ; 0            ; 0          ; |pwm|senal:l0       ; senal       ; work         ;
;    |senal:l1|              ; 11 (11)             ; 1 (1)                     ; 0           ; 0          ; 0            ; 0       ; 0         ; 0    ; 0            ; 0          ; |pwm|senal:l1       ; senal       ; work         ;
;    |senal:l2|              ; 11 (11)             ; 1 (1)                     ; 0           ; 0          ; 0            ; 0       ; 0         ; 0    ; 0            ; 0          ; |pwm|senal:l2       ; senal       ; work         ;
;    |senal:l3|              ; 11 (11)             ; 1 (1)                     ; 0           ; 0          ; 0            ; 0       ; 0         ; 0    ; 0            ; 0          ; |pwm|senal:l3       ; senal       ; work         ;
;    |senal:l4|              ; 11 (11)             ; 1 (1)                     ; 0           ; 0          ; 0            ; 0       ; 0         ; 0    ; 0            ; 0          ; |pwm|senal:l4       ; senal       ; work         ;
;    |senal:l5|              ; 11 (11)             ; 1 (1)                     ; 0           ; 0          ; 0            ; 0       ; 0         ; 0    ; 0            ; 0          ; |pwm|senal:l5       ; senal       ; work         ;
;    |senal:l6|              ; 11 (11)             ; 1 (1)                     ; 0           ; 0          ; 0            ; 0       ; 0         ; 0    ; 0            ; 0          ; |pwm|senal:l6       ; senal       ; work         ;
;    |senal:l7|              ; 11 (11)             ; 1 (1)                     ; 0           ; 0          ; 0            ; 0       ; 0         ; 0    ; 0            ; 0          ; |pwm|senal:l7       ; senal       ; work         ;
;    |senal:l8|              ; 11 (11)             ; 1 (1)                     ; 0           ; 0          ; 0            ; 0       ; 0         ; 0    ; 0            ; 0          ; |pwm|senal:l8       ; senal       ; work         ;
+----------------------------+---------------------+---------------------------+-------------+------------+--------------+---------+-----------+------+--------------+------------+---------------------+-------------+--------------+
Note: For table entries with two numbers listed, the numbers in parentheses indicate the number of resources of the given type used by the specific entity alone. The numbers listed outside of parentheses indicate the total resources of the given type used by the specific entity and all of its sub-entities in the hierarchy.


+----------------------------------------------------------------------------------+
; Registers Removed During Synthesis                                               ;
+-----------------------------------------+----------------------------------------+
; Register name                           ; Reason for Removal                     ;
+-----------------------------------------+----------------------------------------+
; data:ld0|present_state[1,11..30]        ; Stuck at GND due to stuck port data_in ;
; ffd:ld1|q[1,11..30]                     ; Stuck at GND due to stuck port data_in ;
; ffd:ld2|q[1,11..30]                     ; Stuck at GND due to stuck port data_in ;
; ffd:ld3|q[1,11..30]                     ; Stuck at GND due to stuck port data_in ;
; ffd:ld4|q[1,11..30]                     ; Stuck at GND due to stuck port data_in ;
; ffd:ld5|q[1,11..30]                     ; Stuck at GND due to stuck port data_in ;
; ffd:ld6|q[1,11..30]                     ; Stuck at GND due to stuck port data_in ;
; ffd:ld7|q[1,11..30]                     ; Stuck at GND due to stuck port data_in ;
; ffd:ld8|q[1,11..30]                     ; Stuck at GND due to stuck port data_in ;
; senal:l1|conteo[9]                      ; Merged with senal:l0|conteo[9]         ;
; senal:l2|conteo[9]                      ; Merged with senal:l0|conteo[9]         ;
; senal:l3|conteo[9]                      ; Merged with senal:l0|conteo[9]         ;
; senal:l4|conteo[9]                      ; Merged with senal:l0|conteo[9]         ;
; senal:l5|conteo[9]                      ; Merged with senal:l0|conteo[9]         ;
; senal:l6|conteo[9]                      ; Merged with senal:l0|conteo[9]         ;
; senal:l7|conteo[9]                      ; Merged with senal:l0|conteo[9]         ;
; senal:l8|conteo[9]                      ; Merged with senal:l0|conteo[9]         ;
; senal:l1|conteo[8]                      ; Merged with senal:l0|conteo[8]         ;
; senal:l2|conteo[8]                      ; Merged with senal:l0|conteo[8]         ;
; senal:l3|conteo[8]                      ; Merged with senal:l0|conteo[8]         ;
; senal:l4|conteo[8]                      ; Merged with senal:l0|conteo[8]         ;
; senal:l5|conteo[8]                      ; Merged with senal:l0|conteo[8]         ;
; senal:l6|conteo[8]                      ; Merged with senal:l0|conteo[8]         ;
; senal:l7|conteo[8]                      ; Merged with senal:l0|conteo[8]         ;
; senal:l8|conteo[8]                      ; Merged with senal:l0|conteo[8]         ;
; senal:l1|conteo[7]                      ; Merged with senal:l0|conteo[7]         ;
; senal:l2|conteo[7]                      ; Merged with senal:l0|conteo[7]         ;
; senal:l3|conteo[7]                      ; Merged with senal:l0|conteo[7]         ;
; senal:l4|conteo[7]                      ; Merged with senal:l0|conteo[7]         ;
; senal:l5|conteo[7]                      ; Merged with senal:l0|conteo[7]         ;
; senal:l6|conteo[7]                      ; Merged with senal:l0|conteo[7]         ;
; senal:l7|conteo[7]                      ; Merged with senal:l0|conteo[7]         ;
; senal:l8|conteo[7]                      ; Merged with senal:l0|conteo[7]         ;
; senal:l1|conteo[6]                      ; Merged with senal:l0|conteo[6]         ;
; senal:l2|conteo[6]                      ; Merged with senal:l0|conteo[6]         ;
; senal:l3|conteo[6]                      ; Merged with senal:l0|conteo[6]         ;
; senal:l4|conteo[6]                      ; Merged with senal:l0|conteo[6]         ;
; senal:l5|conteo[6]                      ; Merged with senal:l0|conteo[6]         ;
; senal:l6|conteo[6]                      ; Merged with senal:l0|conteo[6]         ;
; senal:l7|conteo[6]                      ; Merged with senal:l0|conteo[6]         ;
; senal:l8|conteo[6]                      ; Merged with senal:l0|conteo[6]         ;
; senal:l1|conteo[5]                      ; Merged with senal:l0|conteo[5]         ;
; senal:l2|conteo[5]                      ; Merged with senal:l0|conteo[5]         ;
; senal:l3|conteo[5]                      ; Merged with senal:l0|conteo[5]         ;
; senal:l4|conteo[5]                      ; Merged with senal:l0|conteo[5]         ;
; senal:l5|conteo[5]                      ; Merged with senal:l0|conteo[5]         ;
; senal:l6|conteo[5]                      ; Merged with senal:l0|conteo[5]         ;
; senal:l7|conteo[5]                      ; Merged with senal:l0|conteo[5]         ;
; senal:l8|conteo[5]                      ; Merged with senal:l0|conteo[5]         ;
; senal:l1|conteo[4]                      ; Merged with senal:l0|conteo[4]         ;
; senal:l2|conteo[4]                      ; Merged with senal:l0|conteo[4]         ;
; senal:l3|conteo[4]                      ; Merged with senal:l0|conteo[4]         ;
; senal:l4|conteo[4]                      ; Merged with senal:l0|conteo[4]         ;
; senal:l5|conteo[4]                      ; Merged with senal:l0|conteo[4]         ;
; senal:l6|conteo[4]                      ; Merged with senal:l0|conteo[4]         ;
; senal:l7|conteo[4]                      ; Merged with senal:l0|conteo[4]         ;
; senal:l8|conteo[4]                      ; Merged with senal:l0|conteo[4]         ;
; senal:l1|conteo[3]                      ; Merged with senal:l0|conteo[3]         ;
; senal:l2|conteo[3]                      ; Merged with senal:l0|conteo[3]         ;
; senal:l3|conteo[3]                      ; Merged with senal:l0|conteo[3]         ;
; senal:l4|conteo[3]                      ; Merged with senal:l0|conteo[3]         ;
; senal:l5|conteo[3]                      ; Merged with senal:l0|conteo[3]         ;
; senal:l6|conteo[3]                      ; Merged with senal:l0|conteo[3]         ;
; senal:l7|conteo[3]                      ; Merged with senal:l0|conteo[3]         ;
; senal:l8|conteo[3]                      ; Merged with senal:l0|conteo[3]         ;
; senal:l1|conteo[2]                      ; Merged with senal:l0|conteo[2]         ;
; senal:l2|conteo[2]                      ; Merged with senal:l0|conteo[2]         ;
; senal:l3|conteo[2]                      ; Merged with senal:l0|conteo[2]         ;
; senal:l4|conteo[2]                      ; Merged with senal:l0|conteo[2]         ;
; senal:l5|conteo[2]                      ; Merged with senal:l0|conteo[2]         ;
; senal:l6|conteo[2]                      ; Merged with senal:l0|conteo[2]         ;
; senal:l7|conteo[2]                      ; Merged with senal:l0|conteo[2]         ;
; senal:l8|conteo[2]                      ; Merged with senal:l0|conteo[2]         ;
; senal:l1|conteo[1]                      ; Merged with senal:l0|conteo[1]         ;
; senal:l2|conteo[1]                      ; Merged with senal:l0|conteo[1]         ;
; senal:l3|conteo[1]                      ; Merged with senal:l0|conteo[1]         ;
; senal:l4|conteo[1]                      ; Merged with senal:l0|conteo[1]         ;
; senal:l5|conteo[1]                      ; Merged with senal:l0|conteo[1]         ;
; senal:l6|conteo[1]                      ; Merged with senal:l0|conteo[1]         ;
; senal:l7|conteo[1]                      ; Merged with senal:l0|conteo[1]         ;
; senal:l8|conteo[1]                      ; Merged with senal:l0|conteo[1]         ;
; senal:l1|conteo[0]                      ; Merged with senal:l0|conteo[0]         ;
; senal:l2|conteo[0]                      ; Merged with senal:l0|conteo[0]         ;
; senal:l3|conteo[0]                      ; Merged with senal:l0|conteo[0]         ;
; senal:l4|conteo[0]                      ; Merged with senal:l0|conteo[0]         ;
; senal:l5|conteo[0]                      ; Merged with senal:l0|conteo[0]         ;
; senal:l6|conteo[0]                      ; Merged with senal:l0|conteo[0]         ;
; senal:l7|conteo[0]                      ; Merged with senal:l0|conteo[0]         ;
; senal:l8|conteo[0]                      ; Merged with senal:l0|conteo[0]         ;
; Total Number of Removed Registers = 269 ;                                        ;
+-----------------------------------------+----------------------------------------+


+----------------------------------------------------------------------------------------------------------------------------------------------------+
; Removed Registers Triggering Further Register Optimizations                                                                                        ;
+----------------------------+---------------------------+-------------------------------------------------------------------------------------------+
; Register name              ; Reason for Removal        ; Registers Removed due to This Register                                                    ;
+----------------------------+---------------------------+-------------------------------------------------------------------------------------------+
; data:ld0|present_state[20] ; Stuck at GND              ; ffd:ld1|q[20], ffd:ld2|q[20], ffd:ld3|q[20], ffd:ld4|q[20], ffd:ld5|q[20], ffd:ld6|q[20], ;
;                            ; due to stuck port data_in ; ffd:ld7|q[20], ffd:ld8|q[20]                                                              ;
; data:ld0|present_state[19] ; Stuck at GND              ; ffd:ld1|q[19], ffd:ld2|q[19], ffd:ld3|q[19], ffd:ld4|q[19], ffd:ld5|q[19], ffd:ld6|q[19], ;
;                            ; due to stuck port data_in ; ffd:ld7|q[19], ffd:ld8|q[19]                                                              ;
; data:ld0|present_state[18] ; Stuck at GND              ; ffd:ld1|q[18], ffd:ld2|q[18], ffd:ld3|q[18], ffd:ld4|q[18], ffd:ld5|q[18], ffd:ld6|q[18], ;
;                            ; due to stuck port data_in ; ffd:ld7|q[18], ffd:ld8|q[18]                                                              ;
; data:ld0|present_state[17] ; Stuck at GND              ; ffd:ld1|q[17], ffd:ld2|q[17], ffd:ld3|q[17], ffd:ld4|q[17], ffd:ld5|q[17], ffd:ld6|q[17], ;
;                            ; due to stuck port data_in ; ffd:ld7|q[17], ffd:ld8|q[17]                                                              ;
; data:ld0|present_state[16] ; Stuck at GND              ; ffd:ld1|q[16], ffd:ld2|q[16], ffd:ld3|q[16], ffd:ld4|q[16], ffd:ld5|q[16], ffd:ld6|q[16], ;
;                            ; due to stuck port data_in ; ffd:ld7|q[16], ffd:ld8|q[16]                                                              ;
; data:ld0|present_state[15] ; Stuck at GND              ; ffd:ld1|q[15], ffd:ld2|q[15], ffd:ld3|q[15], ffd:ld4|q[15], ffd:ld5|q[15], ffd:ld6|q[15], ;
;                            ; due to stuck port data_in ; ffd:ld7|q[15], ffd:ld8|q[15]                                                              ;
; data:ld0|present_state[14] ; Stuck at GND              ; ffd:ld1|q[14], ffd:ld2|q[14], ffd:ld3|q[14], ffd:ld4|q[14], ffd:ld5|q[14], ffd:ld6|q[14], ;
;                            ; due to stuck port data_in ; ffd:ld7|q[14], ffd:ld8|q[14]                                                              ;
; data:ld0|present_state[13] ; Stuck at GND              ; ffd:ld1|q[13], ffd:ld2|q[13], ffd:ld3|q[13], ffd:ld4|q[13], ffd:ld5|q[13], ffd:ld6|q[13], ;
;                            ; due to stuck port data_in ; ffd:ld7|q[13], ffd:ld8|q[13]                                                              ;
; data:ld0|present_state[12] ; Stuck at GND              ; ffd:ld1|q[12], ffd:ld2|q[12], ffd:ld3|q[12], ffd:ld4|q[12], ffd:ld5|q[12], ffd:ld6|q[12], ;
;                            ; due to stuck port data_in ; ffd:ld7|q[12], ffd:ld8|q[12]                                                              ;
; data:ld0|present_state[11] ; Stuck at GND              ; ffd:ld1|q[11], ffd:ld2|q[11], ffd:ld3|q[11], ffd:ld4|q[11], ffd:ld5|q[11], ffd:ld6|q[11], ;
;                            ; due to stuck port data_in ; ffd:ld7|q[11], ffd:ld8|q[11]                                                              ;
; data:ld0|present_state[1]  ; Stuck at GND              ; ffd:ld1|q[1], ffd:ld2|q[1], ffd:ld3|q[1], ffd:ld4|q[1], ffd:ld5|q[1], ffd:ld6|q[1],       ;
;                            ; due to stuck port data_in ; ffd:ld7|q[1], ffd:ld8|q[1]                                                                ;
; data:ld0|present_state[21] ; Stuck at GND              ; ffd:ld1|q[21], ffd:ld2|q[21], ffd:ld3|q[21], ffd:ld4|q[21], ffd:ld5|q[21], ffd:ld6|q[21], ;
;                            ; due to stuck port data_in ; ffd:ld7|q[21], ffd:ld8|q[21]                                                              ;
; data:ld0|present_state[22] ; Stuck at GND              ; ffd:ld1|q[22], ffd:ld2|q[22], ffd:ld3|q[22], ffd:ld4|q[22], ffd:ld5|q[22], ffd:ld6|q[22], ;
;                            ; due to stuck port data_in ; ffd:ld7|q[22], ffd:ld8|q[22]                                                              ;
; data:ld0|present_state[23] ; Stuck at GND              ; ffd:ld1|q[23], ffd:ld2|q[23], ffd:ld3|q[23], ffd:ld4|q[23], ffd:ld5|q[23], ffd:ld6|q[23], ;
;                            ; due to stuck port data_in ; ffd:ld7|q[23], ffd:ld8|q[23]                                                              ;
; data:ld0|present_state[24] ; Stuck at GND              ; ffd:ld1|q[24], ffd:ld2|q[24], ffd:ld3|q[24], ffd:ld4|q[24], ffd:ld5|q[24], ffd:ld6|q[24], ;
;                            ; due to stuck port data_in ; ffd:ld7|q[24], ffd:ld8|q[24]                                                              ;
; data:ld0|present_state[25] ; Stuck at GND              ; ffd:ld1|q[25], ffd:ld2|q[25], ffd:ld3|q[25], ffd:ld4|q[25], ffd:ld5|q[25], ffd:ld6|q[25], ;
;                            ; due to stuck port data_in ; ffd:ld7|q[25], ffd:ld8|q[25]                                                              ;
; data:ld0|present_state[26] ; Stuck at GND              ; ffd:ld1|q[26], ffd:ld2|q[26], ffd:ld3|q[26], ffd:ld4|q[26], ffd:ld5|q[26], ffd:ld6|q[26], ;
;                            ; due to stuck port data_in ; ffd:ld7|q[26], ffd:ld8|q[26]                                                              ;
; data:ld0|present_state[27] ; Stuck at GND              ; ffd:ld1|q[27], ffd:ld2|q[27], ffd:ld3|q[27], ffd:ld4|q[27], ffd:ld5|q[27], ffd:ld6|q[27], ;
;                            ; due to stuck port data_in ; ffd:ld7|q[27], ffd:ld8|q[27]                                                              ;
; data:ld0|present_state[28] ; Stuck at GND              ; ffd:ld1|q[28], ffd:ld2|q[28], ffd:ld3|q[28], ffd:ld4|q[28], ffd:ld5|q[28], ffd:ld6|q[28], ;
;                            ; due to stuck port data_in ; ffd:ld7|q[28], ffd:ld8|q[28]                                                              ;
; data:ld0|present_state[29] ; Stuck at GND              ; ffd:ld1|q[29], ffd:ld2|q[29], ffd:ld3|q[29], ffd:ld4|q[29], ffd:ld5|q[29], ffd:ld6|q[29], ;
;                            ; due to stuck port data_in ; ffd:ld7|q[29], ffd:ld8|q[29]                                                              ;
; data:ld0|present_state[30] ; Stuck at GND              ; ffd:ld1|q[30], ffd:ld2|q[30], ffd:ld3|q[30], ffd:ld4|q[30], ffd:ld5|q[30], ffd:ld6|q[30], ;
;                            ; due to stuck port data_in ; ffd:ld7|q[30], ffd:ld8|q[30]                                                              ;
+----------------------------+---------------------------+-------------------------------------------------------------------------------------------+


+------------------------------------------------------+
; General Register Statistics                          ;
+----------------------------------------------+-------+
; Statistic                                    ; Value ;
+----------------------------------------------+-------+
; Total registers                              ; 153   ;
; Number of registers using Synchronous Clear  ; 0     ;
; Number of registers using Synchronous Load   ; 0     ;
; Number of registers using Asynchronous Clear ; 0     ;
; Number of registers using Asynchronous Load  ; 0     ;
; Number of registers using Clock Enable       ; 0     ;
; Number of registers using Preset             ; 0     ;
+----------------------------------------------+-------+


+---------------------------------------------------+
; Inverted Register Statistics                      ;
+-----------------------------------------+---------+
; Inverted Register                       ; Fan out ;
+-----------------------------------------+---------+
; data:ld0|present_state[0]               ; 6       ;
; data:ld0|present_state[31]              ; 6       ;
; ffd:ld1|q[0]                            ; 2       ;
; ffd:ld1|q[31]                           ; 2       ;
; ffd:ld2|q[0]                            ; 2       ;
; ffd:ld2|q[31]                           ; 2       ;
; ffd:ld3|q[0]                            ; 2       ;
; ffd:ld3|q[31]                           ; 2       ;
; ffd:ld4|q[0]                            ; 2       ;
; ffd:ld4|q[31]                           ; 2       ;
; ffd:ld5|q[0]                            ; 2       ;
; ffd:ld5|q[31]                           ; 2       ;
; ffd:ld6|q[0]                            ; 2       ;
; ffd:ld6|q[31]                           ; 2       ;
; ffd:ld7|q[0]                            ; 2       ;
; ffd:ld7|q[31]                           ; 2       ;
; ffd:ld8|q[0]                            ; 1       ;
; ffd:ld8|q[31]                           ; 1       ;
; Total number of inverted registers = 18 ;         ;
+-----------------------------------------+---------+


+---------------------------------------------------------+
; Parameter Settings for User Entity Instance: divf:dvfff ;
+----------------+----------+-----------------------------+
; Parameter Name ; Value    ; Type                        ;
+----------------+----------+-----------------------------+
; num            ; 25000000 ; Signed Integer              ;
+----------------+----------+-----------------------------+
Note: In order to hide this table in the UI and the text report file, please set the "Show Parameter Settings in Synthesis Report" option in "Analysis and Synthesis Settings -> More Settings" to "Off".


+--------------------------------------------------------+
; Parameter Settings for User Entity Instance: divf:dvfl ;
+----------------+-------+-------------------------------+
; Parameter Name ; Value ; Type                          ;
+----------------+-------+-------------------------------+
; num            ; 250   ; Signed Integer                ;
+----------------+-------+-------------------------------+
Note: In order to hide this table in the UI and the text report file, please set the "Show Parameter Settings in Synthesis Report" option in "Analysis and Synthesis Settings -> More Settings" to "Off".


+-----------------------------------------------------+
; Post-Synthesis Netlist Statistics for Top Partition ;
+-----------------------+-----------------------------+
; Type                  ; Count                       ;
+-----------------------+-----------------------------+
; boundary_port         ; 11                          ;
; cycloneiii_ff         ; 153                         ;
;     plain             ; 153                         ;
; cycloneiii_lcell_comb ; 216                         ;
;     arith             ; 112                         ;
;         2 data inputs ; 49                          ;
;         3 data inputs ; 63                          ;
;     normal            ; 104                         ;
;         1 data inputs ; 4                           ;
;         2 data inputs ; 37                          ;
;         3 data inputs ; 33                          ;
;         4 data inputs ; 30                          ;
;                       ;                             ;
; Max LUT depth         ; 6.00                        ;
; Average LUT depth     ; 3.25                        ;
+-----------------------+-----------------------------+


+-------------------------------+
; Elapsed Time Per Partition    ;
+----------------+--------------+
; Partition Name ; Elapsed Time ;
+----------------+--------------+
; Top            ; 00:00:01     ;
+----------------+--------------+


+-------------------------------+
; Analysis & Synthesis Messages ;
+-------------------------------+
Info: *******************************************************************
Info: Running Quartus Prime Analysis & Synthesis
    Info: Version 23.1std.1 Build 993 05/14/2024 SC Lite Edition
    Info: Processing started: Mon Mar  3 14:00:05 2025
Info: Command: quartus_map --read_settings_files=on --write_settings_files=off pwm -c pwm
Warning (18236): Number of processors has not been specified which may cause overloading on shared machines.  Set the global assignment NUM_PARALLEL_PROCESSORS in your QSF to an appropriate value for best performance.
Info (20030): Parallel compilation is enabled and will use 2 of the 2 processors detected
Info (12021): Found 2 design units, including 1 entities, in source file ffd.vhdl
    Info (12022): Found design unit 1: ffd-archffd File: C:/Users/Hp/Desktop/VLSI/Practica4/Ejercicio4/ffd.vhdl Line: 14
    Info (12023): Found entity 1: ffd File: C:/Users/Hp/Desktop/VLSI/Practica4/Ejercicio4/ffd.vhdl Line: 5
Info (12021): Found 2 design units, including 1 entities, in source file data.vhdl
    Info (12022): Found design unit 1: data-arqdata File: C:/Users/Hp/Desktop/VLSI/Practica4/Ejercicio4/data.vhdl Line: 14
    Info (12023): Found entity 1: data File: C:/Users/Hp/Desktop/VLSI/Practica4/Ejercicio4/data.vhdl Line: 5
Info (12021): Found 2 design units, including 1 entities, in source file senal.vhdl
    Info (12022): Found design unit 1: senal-arqsenal File: C:/Users/Hp/Desktop/VLSI/Practica4/Ejercicio4/senal.vhdl Line: 14
    Info (12023): Found entity 1: senal File: C:/Users/Hp/Desktop/VLSI/Practica4/Ejercicio4/senal.vhdl Line: 5
Info (12021): Found 2 design units, including 1 entities, in source file pwm.vhdl
    Info (12022): Found design unit 1: pwm-arqpwm File: C:/Users/Hp/Desktop/VLSI/Practica4/Ejercicio4/pwm.vhdl Line: 10
    Info (12023): Found entity 1: pwm File: C:/Users/Hp/Desktop/VLSI/Practica4/Ejercicio4/pwm.vhdl Line: 4
Info (12021): Found 2 design units, including 1 entities, in source file divf.vhdl
    Info (12022): Found design unit 1: divf-arqdivf File: C:/Users/Hp/Desktop/VLSI/Practica4/Ejercicio4/divf.vhdl Line: 14
    Info (12023): Found entity 1: divf File: C:/Users/Hp/Desktop/VLSI/Practica4/Ejercicio4/divf.vhdl Line: 5
Info (12127): Elaborating entity "pwm" for the top level hierarchy
Info (12129): Elaborating entity "divf" using architecture "A:arqdivf" for hierarchy "divf:dvfff" File: C:/Users/Hp/Desktop/VLSI/Practica4/Ejercicio4/pwm.vhdl Line: 16
Info (12129): Elaborating entity "data" using architecture "A:arqdata" for hierarchy "data:ld0" File: C:/Users/Hp/Desktop/VLSI/Practica4/Ejercicio4/pwm.vhdl Line: 17
Info (12129): Elaborating entity "ffd" using architecture "A:archffd" for hierarchy "ffd:ld1" File: C:/Users/Hp/Desktop/VLSI/Practica4/Ejercicio4/pwm.vhdl Line: 18
Info (12129): Elaborating entity "divf" using architecture "A:arqdivf" for hierarchy "divf:dvfl" File: C:/Users/Hp/Desktop/VLSI/Practica4/Ejercicio4/pwm.vhdl Line: 29
Info (12129): Elaborating entity "senal" using architecture "A:arqsenal" for hierarchy "senal:l0" File: C:/Users/Hp/Desktop/VLSI/Practica4/Ejercicio4/pwm.vhdl Line: 30
Info (286030): Timing-Driven Synthesis is running
Info (16010): Generating hard_block partition "hard_block:auto_generated_inst"
    Info (16011): Adding 0 node(s), including 0 DDIO, 0 PLL, 0 transceiver and 0 LCELL
Info (21057): Implemented 317 device resources after synthesis - the final resource count might be different
    Info (21058): Implemented 2 input pins
    Info (21059): Implemented 9 output pins
    Info (21061): Implemented 306 logic cells
Info: Quartus Prime Analysis & Synthesis was successful. 0 errors, 1 warning
    Info: Peak virtual memory: 4798 megabytes
    Info: Processing ended: Mon Mar  3 14:00:27 2025
    Info: Elapsed time: 00:00:22
    Info: Total CPU time (on all processors): 00:00:43


